101.1.2.4 #Colombia
101.2.3.4 #Colombia
101.1.2.5 #Argentina
101.1.2.3 #Brazil Central